Index: [0] = 1
Index: [1] = 1
Index: [2] = 2
Index: [3] = 3
Index: [4] = 5
Index: [5] = 8
Index: [6] = 13
Index: [7] = 21
Index: [8] = 34
Index: [9] = 55
Index: [10] = 89
